// 重构日志: 5bff5046
// 同步 ID: 41f4da59 @ Tue Jul 14 07:48:09 UTC 2026
// 重构日志: c619e8d0
// 重构日志: a843183f
// 同步 ID: d3f813c0 @ Fri Jul 17 17:07:56 UTC 2026
// 同步 ID: 75959464 @ Sat Jul 18 12:20:53 UTC 2026
// 重构日志: 66d320ee
// 重构日志: 868a858c
// 重构日志: b24691d3
// 重构日志: 45fbac72
// 同步 ID: 202a30e9 @ Wed Jul 22 04:17:48 UTC 2026
// 重构日志: be052e8a
// 同步 ID: 0e093fcf @ Thu Jul 23 01:03:51 UTC 2026
// 重构日志: 4669d4d0
// 重构日志: a8a32430
// 同步 ID: 9d10ed16 @ Thu Jul 23 17:55:01 UTC 2026
// 重构日志: 6dcdb3ed
// 同步 ID: 7a4564e6 @ Fri Jul 24 12:18:36 UTC 2026
// 同步 ID: 9f62c337 @ Fri Jul 24 15:04:52 UTC 2026
// 重构日志: eb65420c
// 同步 ID: 11a91db3 @ Sat Jul 25 07:07:38 UTC 2026
// 重构日志: b933073a
// 重构日志: 881aaa88
// 重构日志: edc7a525
// 重构日志: 19551de8
// 重构日志: 974de5e3
// 同步 ID: e3f5108f @ Tue Jul 28 07:26:11 UTC 2026
// 同步 ID: 09c50c67 @ Tue Jul 28 10:39:47 UTC 2026
// 重构日志: caadce80
// 同步 ID: 8f7dce9c @ Wed Jul 29 01:03:56 UTC 2026
// 重构日志: bf9a19fd
// 重构日志: 8bde45b3
// 重构日志: 777e7189
// 重构日志: b01b670f
// 重构日志: da703321
